16:43:27 **** Build of configuration Debug for project FIR_Probe ****
make pre-build main-build 
a9-linaro-pre-build-step
 
Building file: ../src/top.c
Invoking: ARM v7 gcc compiler
arm-none-eabi-gcc -Wall -O0 -g3 -pg -c -fmessage-length=0 -MT"src/top.o" -mcpu=cortex-a9 -mfpu=vfpv3 -mfloat-abi=hard -I../../FIR_Probe_bsp/ps7_cortexa9_0/include -MMD -MP -MF"src/top.d" -MT"src/top.o" -o "src/top.o" "../src/top.c"
Finished building: ../src/top.c
 
Building target: FIR_Probe.elf
Invoking: ARM v7 gcc linker
arm-none-eabi-gcc -mcpu=cortex-a9 -mfpu=vfpv3 -mfloat-abi=hard -Wl,-build-id=none -specs=Xilinx.spec -Wl,-T -Wl,../src/lscript.ld -L../../FIR_Probe_bsp/ps7_cortexa9_0/lib -o "FIR_Probe.elf"  ./src/fir.o ./src/top.o   -Wl,--start-group,-lxil,-lgcc,-lc,--end-group
Finished building target: FIR_Probe.elf
 
Invoking: ARM v7 Print Size
arm-none-eabi-size FIR_Probe.elf  |tee "FIR_Probe.elf.size"
   text	   data	    bss	    dec	    hex	filename
  26952	   2744	  22696	  52392	   cca8	FIR_Probe.elf
Finished building: FIR_Probe.elf.size
 

16:43:34 Build Finished (took 6s.910ms)

