10:34:41 **** Auto Build of configuration Debug for project lab6 ****
make pre-build main-build 
a9-linaro-pre-build-step
 
Building file: ../src/lab6.c
Invoking: ARM v7 gcc compiler
arm-none-eabi-gcc -Wall -O0 -g3 -pg -c -fmessage-length=0 -MT"src/lab6.o" -mcpu=cortex-a9 -mfpu=vfpv3 -mfloat-abi=hard -I../../standalone_bsp_0/ps7_cortexa9_0/include -MMD -MP -MF"src/lab6.d" -MT"src/lab6.o" -o "src/lab6.o" "../src/lab6.c"
Finished building: ../src/lab6.c
 
Building target: lab6.elf
Invoking: ARM v7 gcc linker
arm-none-eabi-gcc -mcpu=cortex-a9 -mfpu=vfpv3 -mfloat-abi=hard -Wl,-build-id=none -specs=Xilinx.spec -Wl,-T -Wl,../src/lscript.ld -L../../standalone_bsp_0/ps7_cortexa9_0/lib -o "lab6.elf"  ./src/fir.o ./src/lab6.o   -Wl,--start-group,-lxil,-lgcc,-lc,--end-group
Finished building target: lab6.elf
 
Invoking: ARM v7 Print Size
arm-none-eabi-size lab6.elf  |tee "lab6.elf.size"
   text	   data	    bss	    dec	    hex	filename
  29380	   2752	  22696	  54828	   d62c	lab6.elf
Finished building: lab6.elf.size
 

10:34:48 Build Finished (took 6s.316ms)

