13:35:44 **** Build of configuration Debug for project lab5 ****
make pre-build main-build 
a9-linaro-pre-build-step
 
Building file: ../src/lab5.c
Invoking: ARM v7 gcc compiler
arm-none-eabi-gcc -Wall -O0 -g3 -c -fmessage-length=0 -MT"src/lab5.o" -mcpu=cortex-a9 -mfpu=vfpv3 -mfloat-abi=hard -I../../lab5_bsp/ps7_cortexa9_0/include -MMD -MP -MF"src/lab5.d" -MT"src/lab5.o" -o "src/lab5.o" "../src/lab5.c"
../src/lab5.c: In function 'main':
../src/lab5.c:36:11: warning: this 'if' clause does not guard... [-Wmisleading-indentation]
           if((sws_check & 0x03)==0x03)
           ^~
../src/lab5.c:38:5: note: ...this statement, but the latter is misleadingly indented as if it were guarded by the 'if'
     for (i=0; i<9999999; i++); // delay loop
     ^~~
Finished building: ../src/lab5.c
 
Building target: lab5.elf
Invoking: ARM v7 gcc linker
arm-none-eabi-gcc -mcpu=cortex-a9 -mfpu=vfpv3 -mfloat-abi=hard -Wl,-build-id=none -specs=Xilinx.spec -Wl,-T -Wl,../src/lscript.ld -L../../lab5_bsp/ps7_cortexa9_0/lib -o "lab5.elf"  ./src/lab5.o   -Wl,--start-group,-lxil,-lgcc,-lc,--end-group
Finished building target: lab5.elf
 
Invoking: ARM v7 Print Size
arm-none-eabi-size lab5.elf  |tee "lab5.elf.size"
   text	   data	    bss	    dec	    hex	filename
  23748	   1184	  22584	  47516	   b99c	lab5.elf
Finished building: lab5.elf.size
 

13:35:45 Build Finished (took 982ms)

