14:34:16 **** Auto Build of configuration Debug for project lab2 ****
make pre-build main-build 
a9-linaro-pre-build-step
 
Building target: lab2.elf
Invoking: ARM v7 gcc linker
arm-none-eabi-gcc -mcpu=cortex-a9 -mfpu=vfpv3 -mfloat-abi=hard -Wl,-build-id=none -specs=Xilinx.spec -Wl,-T -Wl,../src/lscript.ld -L../../standalone_bsp_0/ps7_cortexa9_0/lib -o "lab2.elf"  ./src/lab2.o   -Wl,--start-group,-lxil,-lgcc,-lc,--end-group
Finished building target: lab2.elf
 
Invoking: ARM v7 Print Size
arm-none-eabi-size lab2.elf  |tee "lab2.elf.size"
   text	   data	    bss	    dec	    hex	filename
  23452	   1184	   8248	  32884	   8074	lab2.elf
Finished building: lab2.elf.size
 

14:34:17 Build Finished (took 878ms)

